stdout of test 'good-078` in directory 'compiler/core/tests/simplify` itself:


# 13:01:11 >  
# 13:01:11 >  Mtimeout -timeout 60 ./good-078 good-078 
# 13:01:11 >  

0

# 13:01:11 >  
# 13:01:11 >  Done.
# 13:01:11 >  

