stdout of test 'good-072` in directory 'compiler/core/tests/simplify` itself:


# 13:01:06 >  
# 13:01:06 >  Mtimeout -timeout 60 ./good-072 good-072 
# 13:01:06 >  

0

# 13:01:06 >  
# 13:01:06 >  Done.
# 13:01:06 >  

