stdout of test 'good-079` in directory 'compiler/core/tests/simplify` itself:


# 13:01:12 >  
# 13:01:12 >  Mtimeout -timeout 60 ./good-079 good-079 
# 13:01:12 >  

0

# 13:01:12 >  
# 13:01:12 >  Done.
# 13:01:12 >  

