stdout of test 'test_15` in directory 'tests/suite_01` itself:

#> Mtest:	milS test_15 milS
#> Mtest:	Mtimeout -timeout 210 Mserver -modulesilent -yaccsilent -d8 -db tests_suite_01 -single test_15.milS
# Monet Database Server V4.1
# Copyright (c) 1993-1999, CWI & SION. All rights reserved.
# compiled for IRIX646.5/32bit on Fri Jan 14 01:04:33 MET 2000.
#script:test_15.milS

loaded;
#---------------------------------#
# module	| usage_count	  #
#---------------------------------#
[ "algebra",	  1		  ]
[ "arith",	  1		  ]
[ "bat",	  1		  ]
[ "kernel",	  1		  ]
[ "str",	  1		  ]
[ "sys",	  1		  ]
[ "trans",	  1		  ]

Try: modules;                - for other modules.
     ls;                     - for persistent bat listing.
     sigs("<module>")        - for available commands per module.
     help("<command>")       - for help one-liner for a command.

#You are system administrator (adm)!
#~BeginVariableOutput~#
#-------------------------#
# BAT:		  io	  #
# (str)		  (int)	  #
#-------------------------#
[ "maxrss",	  0	  ]
[ "minflt",	  339	  ]
[ "majflt",	  437	  ]
[ "nswap",	  0	  ]
[ "inblock",	  0	  ]
[ "oublock",	  0	  ]
[ "nvcsw",	  0	  ]
[ "ninvcsw",	  0	  ]
#~EndVariableOutput~#
#~BeginVariableOutput~#
#-------------------------#
# BAT:		  io	  #
# (str)		  (int)	  #
#-------------------------#
[ "maxrss",	  0	  ]
[ "minflt",	  340	  ]
[ "majflt",	  439	  ]
[ "nswap",	  0	  ]
[ "inblock",	  0	  ]
[ "oublock",	  0	  ]
[ "nvcsw",	  0	  ]
[ "ninvcsw",	  0	  ]
#~EndVariableOutput~#
