stdout of test '29` in directory 'src/benchmarks/arno` itself:


# 22:10:04 >  
# 22:10:04 >  Mtimeout -timeout 180 Mserver "--config=/ufs/niels/data/Linux-i686/etc/monet.conf" --debug=10 --set "monet_mod_path=/ufs/niels/data/Linux-i686/lib/MonetDB" --dbfarm "/ufs/niels/data/Linux-i686/var/dbfarm" --set monet_prompt= --trace "--dbname=mTests_src_benchmarks_arno" --set sql_port=56954 "/ufs/niels/data/Linux-i686/share/MonetDB/sqlserver.mil" ; echo ; echo Over..
# 22:10:04 >  

# Monet Database Server V4.3.9
# Copyright (c) 1993-2003, CWI. All rights reserved.
# compiled for i686-pc-linux-gnu/32bit; dynamically linked.
printf("\nReady.\n");

Ready.
quit;

Over..

# 22:10:04 >  
# 22:10:04 >  Mtimeout -timeout 60 Msql -u monetdb -P monetdb --host=norma --port=56954 < 29.sql
# 22:10:04 >  

SQL  connected to database mTests_src_benchmarks_arno using schema sys
#     1: 1 SELECT MODEL178.is_mutagen,MODEL178.logp, count(distinct MODEL178.model_id ) FROM MODEL MODEL178  WHERE MODEL178.is_mutagen='F' group by MODEL178.logp , MODEL178.is_mutagen;
#--------------------------------------
#| is_mutagen | logp | count_model_id |
#--------------------------------------
"F"	1	5
"F"	2	28
"F"	4	5
"F"	3	20
"F"	0	2
"F"	7	2
"F"	8	1
SQL  7 Rows affected

# 22:10:05 >  
# 22:10:05 >  Done.
# 22:10:05 >  

