stdout of test '76` in directory 'src/benchmarks/arno` itself:


# 22:11:57 >  
# 22:11:57 >  Mtimeout -timeout 180 Mserver "--config=/ufs/niels/data/Linux-i686/etc/monet.conf" --debug=10 --set "monet_mod_path=/ufs/niels/data/Linux-i686/lib/MonetDB" --dbfarm "/ufs/niels/data/Linux-i686/var/dbfarm" --set monet_prompt= --trace "--dbname=mTests_src_benchmarks_arno" --set sql_port=56954 "/ufs/niels/data/Linux-i686/share/MonetDB/sqlserver.mil" ; echo ; echo Over..
# 22:11:57 >  

# Monet Database Server V4.3.9
# Copyright (c) 1993-2003, CWI. All rights reserved.
# compiled for i686-pc-linux-gnu/32bit; dynamically linked.
printf("\nReady.\n");

Ready.
quit();

Over..

# 22:11:58 >  
# 22:11:58 >  Mtimeout -timeout 60 Msql -u monetdb -P monetdb --host=norma --port=56954 < 76.sql
# 22:11:58 >  

SQL  connected to database mTests_src_benchmarks_arno using schema sys
#     1: 1 SELECT MODEL275.is_mutagen,MODEL275.logp, count(distinct MODEL275.model_id ) FROM MODEL MODEL275  WHERE MODEL275.logp='3' group by MODEL275.logp , MODEL275.is_mutagen;
#--------------------------------------
#| is_mutagen | logp | count_model_id |
#--------------------------------------
[ "T",	3,	31	]
[ "F",	3,	20	]
SQL  2 Rows affected

# 22:11:58 >  
# 22:11:58 >  Done.
# 22:11:58 >  

