stdout of test '90` in directory 'src/benchmarks/arno` itself:


# 19:41:25 >  
# 19:41:25 >  Mtimeout -timeout 180 Mserver --config=/ufs/niels/.monet.conf --debug=10   --set monet_prompt= --dbname=Tests_src_benchmarks_arno --set sql_port=51478 /ufs/niels/data/sql/Linux/share/sql/catalog.mil /ufs/niels/data/sql/Linux/share/sql/sqlserver.mil ; echo  ; echo Over..
# 19:41:25 >  

# Monet Database Server V4.3.5
# Copyright (c) 1993-2002, CWI. All rights reserved.
# compiled for i686-pc-linux-gnu/32bit; dynamically linked.
printf("\nReady.\n");

Ready.
# [ 9 10 ]
quit;

Over..

# 19:41:26 >  
# 19:41:26 >  Mtimeout -timeout 60 sql_client --port=51478 < 90.sql
# 19:41:26 >  

"F"	-2	1
"F"	-1	1
2 Rows affected

# 19:41:26 >  
# 19:41:26 >  Done.
# 19:41:26 >  

