stdout of test 'good-017` in directory 'compiler/semantics/tests/normalize` itself:


# 13:31:27 >  
# 13:31:27 >  Mtimeout -timeout 60 ./good-017 good-017 
# 13:31:27 >  

0

# 13:31:27 >  
# 13:31:27 >  Done.
# 13:31:27 >  

