stdout of test 'A3` in directory 'tests/XPathMark` itself:


# 19:14:00 >  
# 19:14:00 >  ( pf -M -O3 A3.xq | Mtimeout -timeout 60 Mserver "--config=/var/tmp/_Stable_PREFIX_MONETDB_GNU_32_d__/etc/MonetDB.conf" --debug=10 --set "monet_mod_path=/var/tmp/_Stable_PREFIX_PATHFINDER_GNU_32_d__/lib/MonetDB:/var/tmp/_Stable_PREFIX_MONETDB_GNU_32_d__/lib/MonetDB" --set "gdk_dbfarm=/var/tmp/_Stable_PREFIX_MONETDB_GNU_32_d__/var/MonetDB/dbfarm" --set "sql_logdir=/var/tmp/_Stable_PREFIX_MONETDB_GNU_32_d__/var/MonetDB/log" --set mapi_port=40231 --set sql_port=58305 --set monet_prompt= --dbname=mTests_tests_XPathMark   --dbinit='module(pathfinder,pf_support,ascii_io);' )
# 19:14:00 >  

# Monet Database Server V4.6.0_rc3
# Copyright (c) 1993-2005, CWI. All rights reserved.
# Compiled for i686-pc-linux-gnu/32bit; dynamically linked.
# Visit http://monetdb.cwi.nl/ for further information.
<?xml version="1.0" encoding="utf-8"?>
<XQueryResult>
<html xmlns:xlink="http://www.w3.org/1999/xlink" xml:lang="en">
<head><title>Namespaces</title></head>
<body>
<h1 align="center"> An Ellipse and a Rectangle </h1>
<!-- A namespace for Scalable Vector Graphics with prefix svg.  -->
<svg:SVG xmlns:svg="http://www.w3.org/2000/svg" svg:width="12cm" svg:height="10cm">
<svg:ellipse svg:rx="110" svg:ry="130"/>
<svg:rect svg:x="4cm" svg:y="1cm" svg:width="3cm" svg:height="6cm"/>
</svg:SVG>
<p xlink:type="simple" xlink:href="ellipses.html">
More about ellipses
</p>
<!-- The attribute declaring the Italian language and two xlink attributes. -->
<p xml:lang="it" xlink:type="simple" xlink:href="rectangles.html">
Ancora sui rettangoli
</p>
<hr/>
<p> Last modified December 30, 2004</p>
</body>
</html><head xmlns:xlink="http://www.w3.org/1999/xlink"><title>Namespaces</title></head><title xmlns:xlink="http://www.w3.org/1999/xlink">Namespaces</title><body xmlns:xlink="http://www.w3.org/1999/xlink">
<h1 align="center"> An Ellipse and a Rectangle </h1>
<!-- A namespace for Scalable Vector Graphics with prefix svg.  -->
<svg:SVG xmlns:svg="http://www.w3.org/2000/svg" svg:width="12cm" svg:height="10cm">
<svg:ellipse svg:rx="110" svg:ry="130"/>
<svg:rect svg:x="4cm" svg:y="1cm" svg:width="3cm" svg:height="6cm"/>
</svg:SVG>
<p xlink:type="simple" xlink:href="ellipses.html">
More about ellipses
</p>
<!-- The attribute declaring the Italian language and two xlink attributes. -->
<p xml:lang="it" xlink:type="simple" xlink:href="rectangles.html">
Ancora sui rettangoli
</p>
<hr/>
<p> Last modified December 30, 2004</p>
</body><h1 xmlns:xlink="http://www.w3.org/1999/xlink" align="center"> An Ellipse and a Rectangle </h1><svg:SVG xmlns:svg="http://www.w3.org/2000/svg" xmlns:xlink="http://www.w3.org/1999/xlink" svg:width="12cm" svg:height="10cm">
<svg:ellipse svg:rx="110" svg:ry="130"/>
<svg:rect svg:x="4cm" svg:y="1cm" svg:width="3cm" svg:height="6cm"/>
</svg:SVG><svg:ellipse xmlns:svg="http://www.w3.org/2000/svg" xmlns:xlink="http://www.w3.org/1999/xlink" svg:rx="110" svg:ry="130"/><svg:rect xmlns:svg="http://www.w3.org/2000/svg" xmlns:xlink="http://www.w3.org/1999/xlink" svg:x="4cm" svg:y="1cm" svg:width="3cm" svg:height="6cm"/><p xmlns:xlink="http://www.w3.org/1999/xlink" xlink:type="simple" xlink:href="ellipses.html">
More about ellipses
</p><p xmlns:xlink="http://www.w3.org/1999/xlink" xml:lang="it" xlink:type="simple" xlink:href="rectangles.html">
Ancora sui rettangoli
</p><hr xmlns:xlink="http://www.w3.org/1999/xlink"/><p xmlns:xlink="http://www.w3.org/1999/xlink"> Last modified December 30, 2004</p>
</XQueryResult>
