stdout of test 'tst300` in directory 'src/mal` itself:
# Monet Database Server V5.0
# Copyright (c) 1993-2004, CWI. All rights reserved.
# compiled for 32biti686-pc-linux-gnu/32bit.
# config:/ufs/mk/monet5/src/mal/Tests/tst.conf
# dbfarm:/ufs/mk/monet5/Linux/var/MonetDB/dbfarm
# dbname:demo
# Visit http://monetdb.cwi.nl for further information.
## Exception identifiers can be introduced at any place
#
#	raise myNewException:= "new exception";
#	printf("should not come here\n");
##exception block;
#catch	myNewException;
#	printf("catched exception\n");
#exit	myNewException;
#
function Admin.main():int;	# 0  (main:int)
    raise myNewException := "new exception";	# 1  (myNewException:str)<-($2:str)
    io.printf("should not come here\n");	# 2 IOprint_str ($3:int)<-($4:str)
catch myNewException;	# 3  (myNewException:str) jump 5
    io.printf("catched exception\n");	# 4 IOprint_str ($5:int)<-($6:str)
exit myNewException;	# 5  (myNewException:str)
end main;	# 6  
catched exception
>