stdout of test 'no.125` in directory 'tests/BugReports` itself:

#> Mtest:	milS no.125 milS
#> Mtest:	Mtimeout -timeout 210 Mserver -modulesilent -yaccsilent -d8 -db tests_BugReports -single no.125.milS
# Monet Database Server V4.1
# Copyright (c) 1993-1999, CWI & SION. All rights reserved.
# compiled for IRIX646.5/32bit on Fri Jan 14 01:04:33 MET 2000.
#script:no.125.milS


#You are system administrator (adm)!
[ 0 ]
[ 0.707107 ]
[ 1 ]
[ 1.22465e-16 ]
[ -1 ]
[ 1 ]
[ 0.707107 ]
[ 6.12323e-17 ]
[ -1 ]
[ -1.83697e-16 ]
[ 0 ]
[ 1 ]
[ 1.63312e+16 ]
[ -1.22465e-16 ]
[ 5.44375e+15 ]
[ -1.5708 ]
[ -0.523599 ]
[ 0 ]
[ 0.523599 ]
[ 1.5708 ]
[ 3.14159 ]
[ 2.0944 ]
[ 1.5708 ]
[ 1.0472 ]
[ 0 ]
[ -0.785398 ]
[ -0.463648 ]
[ 0 ]
[ 0.463648 ]
[ 0.785398 ]
[ 1.22465e-16 ]
[ 3.14159 ]
[ 1.5708 ]
[ 0.785398 ]
[ 2 ]
[ 22026.5 ]
[ 2.30259 ]
[ 1 ]
[ 2 ]
[ 1.2 ]
[ 1 ]
[ 0.2 ]
