stdout of test 'bad-001` in directory 'compiler/semantics/tests/functions` itself:


# 16:19:34 >  
# 16:19:34 >  Mtimeout -timeout 60 ./bad-001 bad-001 
# 16:19:34 >  

15

# 16:19:34 >  
# 16:19:34 >  Done.
# 16:19:34 >  

