stdout of test 'string_join6` in directory 'runtime` itself:


# 15:31:48 >  
# 15:31:48 >  Mtimeout -timeout 60 Mserver "--config=/ufs/rittinge/work/MonetDB/Linux/etc/MonetDB.conf" --debug=10 --set "monet_mod_path=/ufs/rittinge/work/pathfinder/Linux/lib/MonetDB:/ufs/rittinge/work/MonetDB/Linux/lib/MonetDB" --set "gdk_dbfarm=/ufs/rittinge/work/MonetDB/Linux/var/MonetDB/dbfarm" --set "sql_logdir=/ufs/rittinge/work/MonetDB/Linux/var/MonetDB/log" --set mapi_port=46661 --set sql_port=55397 --set monet_prompt= --trace --dbname=mTests_runtime  < string_join6.milS
# 15:31:48 >  

# Monet Database Server V4.4.0_rc3
# Copyright (c) 1993-2004, CWI. All rights reserved.
# Compiled for i686-redhat-linux-gnu/32bit; dynamically linked.
# Visit http://monetdb.cwi.nl/ for further information.
module(pf_support);
var blub := bat(oid,str)
.insert( 1@0, "foo")
.insert( 1@0, "foo")
.insert( 1@0, "foo")
.insert( 1@0, "bar")
.insert( 2@0, "baz")
.insert( 3@0, "foo")
.insert( 3@0, "bar")
.insert( 4@0, "baz")
.insert( 6@0, "foo")
.insert( 6@0, "bar")
.insert( 6@0, "baz");
var bar := bat(oid,str)
.insert(1@0, ", ")
.insert(2@0," _____ ")
.insert(3@0," muh ")
.insert(4@0, "")
.insert(5@0, "foobar")
.insert(5@0, "foobar")
.insert(6@0, "-")
.insert(6@0, "foobar");
string_join(blub, bar).print();
!ERROR: string_join: the head of separator has to be keyed.
!ERROR: CMDstring_join: operation failed.
!ERROR: interpret_params: print(param 1): evaluation error.

quit();

# 15:31:49 >  
# 15:31:49 >  Done.
# 15:31:49 >  

