stdout of test 'test_40` in directory 'tests/suite_00` itself:

#> Mtest (21:55:06):	milS test_40 milS
#> Mtest (21:55:06):	Mtimeout -timeout 600 Mserver -modulesilent -yaccsilent -d8 -db tests_suite_00 -single test_40.milS
# Monet Database Server V4.2
# Copyright (c) 1993-1999, CWI & SION. All rights reserved.
# compiled for i686-pc-linux-gnu/32bit.
#script:test_40.milS

loaded;
#---------------------------------#
# module	| usage_count	  #
#---------------------------------#
[ "algebra",	  1		  ]
[ "arith",	  1		  ]
[ "bat",	  1		  ]
[ "kernel",	  1		  ]
[ "str",	  1		  ]
[ "sys",	  1		  ]
[ "trans",	  1		  ]

Try: modules;                - for other modules.
     ls;                     - for persistent bat listing.
     sigs("<module>")        - for available commands per module.
     help("<command>")       - for help one-liner for a command.

#You are system administrator (adm)!
[ 3 ]
[ 36 ]
[ nil ]
#-----------------#
# BAT:	  tmp_23  #
# (int)	  (int)	  #
#-----------------#
[ 6,	  36	  ]
[ 7,	  49	  ]
[ 8,	  64	  ]
[ 9,	  nil	  ]
!ERROR: CMDposition: item not found
!ERROR: CMDposition: operation failed.
!ERROR: print(param 1): evaluation error.
!ERROR: CMDfetch: idx out of range
!ERROR: CMDfetch: operation failed.
!ERROR: print(param 1): evaluation error.
#-----------------#
# BAT:	  tmp_23  #
# (int)	  (int)	  #
#-----------------#
