stdout of test 'bug-sf-904025` in directory 'src/test/bugs` itself:


# 17:33:31 >  
# 17:33:31 >  Mtimeout -timeout 180 Mserver "--config=/ufs/niels/data/Linux-i686/etc/monet.conf" --debug=10 --set "monet_mod_path=/ufs/niels/data/Linux-i686/lib/MonetDB" --set "gdk_dbfarm=/ufs/niels/data/Linux-i686/var/MonetDB/dbfarm" --set "sql_logdir=/ufs/niels/data/Linux-i686/var/MonetDB/log" --set mapi_port=43425 --set sql_port=50434 --set monet_prompt= --trace "--dbname=mTests_src_test_bugs" "/net/stem.ins.cwi.nl/export/scratch1/niels/Linux-i686/build-sql/src/backends/monet4/sql_server.mil" ; echo ; echo Over..
# 17:33:31 >  

# Monet Database Server V4.3.17
# Copyright (c) 1993-2004, CWI. All rights reserved.
# Compiled for i686-redhat-linux-gnu/32bit; dynamically linked.
# Visit http://monetdb.cwi.nl for further information.

printf("\nReady.\n");

Ready.
quit();

Over..

# 17:33:31 >  
# 17:33:31 >  Mtimeout -timeout 60 MapiClient --language=sql -u monetdb -P monetdb --host=stem --port=50434  < bug-sf-904025.sql
# 17:33:31 >  

# count_name # name
# mediumint # type
# 1 # tuplecount
# 0 # id
[ 22	]
# wall-clock: 1 ms
# wall-clock: 1 ms
# count_name # name
# mediumint # type
# 1 # tuplecount
# 1 # id
[ 0	]
# count_name # name
# mediumint # type
# 1 # tuplecount
# 2 # id
[ 22	]
# wall-clock: 1 ms
# wall-clock: 1 ms
# count_name # name
# mediumint # type
# 1 # tuplecount
# 3 # id
[ 0	]

# 17:33:32 >  
# 17:33:32 >  Done.
# 17:33:32 >  

