stdout of test 'good-063` in directory 'compiler/core/tests/fs` itself:


# 15:46:31 >  
# 15:46:31 >  Mtimeout -timeout 60 ./good-063 good-063 
# 15:46:31 >  

0

# 15:46:31 >  
# 15:46:31 >  Done.
# 15:46:31 >  

