stdout of test 'good-049` in directory 'compiler/core/tests/fs` itself:


# 15:46:21 >  
# 15:46:21 >  Mtimeout -timeout 60 ./good-049 good-049 
# 15:46:21 >  

0

# 15:46:21 >  
# 15:46:21 >  Done.
# 15:46:21 >  

