stdout of test 'good-002` in directory 'compiler/core/tests/fs` itself:


# 15:45:51 >  
# 15:45:51 >  Mtimeout -timeout 60 ./good-002 good-002 
# 15:45:51 >  

0

# 15:45:51 >  
# 15:45:51 >  Done.
# 15:45:51 >  

