stdout of test 'good-013` in directory 'compiler/core/tests/fs` itself:


# 15:45:58 >  
# 15:45:58 >  Mtimeout -timeout 60 ./good-013 good-013 
# 15:45:58 >  

0

# 15:45:58 >  
# 15:45:58 >  Done.
# 15:45:58 >  

