stdout of test 'good-031` in directory 'compiler/core/tests/fs` itself:


# 15:46:09 >  
# 15:46:09 >  Mtimeout -timeout 60 ./good-031 good-031 
# 15:46:09 >  

0

# 15:46:09 >  
# 15:46:09 >  Done.
# 15:46:09 >  

