stdout of test 'good-089` in directory 'compiler/parser` itself:


# 17:57:21 >  
# 17:57:21 >  Mtimeout -timeout 60 ./good-089 good-089 
# 17:57:21 >  

0

# 17:57:21 >  
# 17:57:21 >  Done.
# 17:57:21 >  

