stdout of test 'good-049` in directory 'compiler/parser` itself:


# 17:56:57 >  
# 17:56:57 >  Mtimeout -timeout 60 ./good-049 good-049 
# 17:56:57 >  

0

# 17:56:57 >  
# 17:56:57 >  Done.
# 17:56:57 >  

