stdout of test 'good-105` in directory 'compiler/parser` itself:


# 11:57:22 >  
# 11:57:22 >  Mtimeout -timeout 60 ./good-105 good-105 
# 11:57:22 >  

0

# 11:57:22 >  
# 11:57:22 >  Done.
# 11:57:22 >  

