stdout of test 'bad-006` in directory 'compiler/semantics/tests/varscope` itself:


# 12:43:25 >  
# 12:43:25 >  Mtimeout -timeout 60 ./bad-006 bad-006 
# 12:43:25 >  

8

# 12:43:25 >  
# 12:43:25 >  Done.
# 12:43:25 >  

